// Jest Snapshot v1, https://goo.gl/fbAQLP

exports[`<PrivateRoute /> renders correctly default props 1`] = `<div />`;
