// Jest Snapshot v1, https://goo.gl/fbAQLP

exports[`<Container /> renders correctly default props 1`] = `
<div
  className="base-container"
>
  
  test
</div>
`;
