// Jest Snapshot v1, https://goo.gl/fbAQLP

exports[`<Form /> renders correctly default props 1`] = `
<form
  className="base-form"
  onSubmit={[Function]}
>
  test
</form>
`;
