// Jest Snapshot v1, https://goo.gl/fbAQLP

exports[`<Image /> renders correctly default props 1`] = `
<img
  alt=""
  className="base-image"
  src="hello"
/>
`;
